{
	"field": "value",
	"nested": {
		"a": 1,
		"b": "two",
		"c": false,
		"d": {},
		"e": [
			"a",
			"b",
			"c"
		]
	}
}
